Microchip MPLAB XC8 Compiler V2.32

Linker command line:

-W-3 --edf=C:\Program Files\Microchip\xc8\v2.32\pic\dat\en_msgs.txt -cn \
  -h+dist/default/production\ecop14-ProjetoFinal-2021_2.X.production.sym \
  --cmf=dist/default/production\ecop14-ProjetoFinal-2021_2.X.production.cmf \
  -z -Q18F4520 -oC:\Users\FAMLIA~2\AppData\Local\Temp\xcAsdpk.4 \
  --defsym=__MPLAB_BUILD=1 \
  -Mdist/default/production/ecop14-ProjetoFinal-2021_2.X.production.map -E1 \
  -ver=XC8 Compiler --acfsm=1493 -ASTACK=086h-05FFh -pstack=STACK \
  -ACODE=00h-07FFFh -ACONST=00h-07FFFh -ASMALLCONST=0600h-06FFhx122 \
  -AMEDIUMCONST=0600h-07FFFh -ACOMRAM=01h-07Fh -AABS1=00h-05FFh \
  -ABIGRAM=01h-05FFh -ARAM=080h-0FFh,0100h-01FFhx5 -ABANK0=080h-0FFh \
  -ABANK1=0100h-01FFh -ABANK2=0200h-02FFh -ABANK3=0300h-03FFh \
  -ABANK4=0400h-04FFh -ABANK5=0500h-05FFh -ASFR=0F80h-0FFFh \
  -ACONFIG=0300000h-030000Dh -AIDLOC=0200000h-0200007h \
  -AEEDATA=0F00000h-0F000FFh -peeprom_data=EEDATA \
  -preset_vec=00h,intcode,intcodelo,powerup,init -pramtop=0600h \
  -psmallconst=SMALLCONST -pmediumconst=MEDIUMCONST -pconst=CONST \
  -AFARRAM=00h-00h \
  -prdata=COMRAM,nvrram=COMRAM,nvbit=COMRAM,rbss=COMRAM,rbit=COMRAM \
  -pfarbss=FARRAM,fardata=FARRAM,nvFARRAM=FARRAM \
  -pintsave_regs=BIGRAM,bigbss=BIGRAM,bigdata=BIGRAM -pbss=RAM \
  -pidata=CODE,irdata=CODE,ibigdata=CODE,ifardata=CODE -prparam=COMRAM \
  C:\Users\FAMLIA~2\AppData\Local\Temp\xcAsdpk.o \
  dist/default/production\ecop14-ProjetoFinal-2021_2.X.production.o 

Object code version is 3.11

Machine type is 18F4520



                Name                               Link     Load   Length Selector   Space Scale
C:\Users\FAMLIA~2\AppData\Local\Temp\xcAsdpk.o
                idloc                            200000   200000        8        0       5
                config                           300000   300000        E        0       4
                init                                  0        0        4        0       0
dist/default/production\ecop14-ProjetoFinal-2021_2.X.production.o
                idloc                            200000   200000        8        0       5
                config                           300000   300000        E        0       4
                mediumconst                        7D40     7D40      2C0     3EA0       0
                text45                             5C52     5C52      24E     2E29       0
                text44                             4CD0     4CD0       3E     2668       0
                text43                             4C9E     4C9E       32     264F       0
                text42                             4C6E     4C6E       30     2637       0
                text41                             4B02     4B02        2     2581       0
                text40                             5EA0     5EA0      24E     2F50       0
                text39                             4D4C     4D4C       42     26A6       0
                text38                             4C1A     4C1A       2A     260D       0
                text37                             4C44     4C44       2A     2622       0
                text36                             4DD2     4DD2       4E     26E9       0
                text35                             4F74     4F74       5A     27BA       0
                text34                             4B4C     4B4C       1E     25A6       0
                text33                             4BCE     4BCE       26     25E7       0
                text32                             530E     530E       B4     2987       0
                text31                             4D0E     4D0E       3E     2687       0
                text30                             6488     6488      42A     3244       0
                text29                             4BF4     4BF4       26     25FA       0
                text28                             5A9E     5A9E      1B4     2D4F       0
                text27                             51AE     51AE       B0     28D7       0
                text26                             68B2     68B2      4C0     3459       0
                text25                             60EE     60EE      39A     3077       0
                text24                             5480     5480      104     2A40       0
                text23                             5584     5584      106     2AC2       0
                text22                             4FCE     4FCE       64     27E7       0
                text21                             57C8     57C8      16A     2BE4       0
                text20                             568A     568A      13E     2B45       0
                text19                             50A6     50A6       7A     2853       0
                text18                             4B6A     4B6A       1E     25B5       0
                text17                             4E70     4E70       56     2738       0
                text16                             525E     525E       B0     292F       0
                text15                             4B36     4B36       16     259B       0
                text14                             4E20     4E20       50     2710       0
                text13                             4F1C     4F1C       58     278E       0
                text12                             5932     5932      16C     2C99       0
                text11                             4B04     4B04        6     2582       0
                text10                             4B88     4B88       22     25C4       0
                text9                              4B12     4B12       10     2589       0
                text8                              73FA     73FA      946     39FD       0
                text7                              4D8E     4D8E       44     26C7       0
                text6                              5120     5120       8E     2890       0
                text5                              6D72     6D72      688     36B9       0
                text4                              4B22     4B22       14     2591       0
                text3                              4EC6     4EC6       56     2763       0
                text2                              5032     5032       74     2819       0
                text1                              4B0A     4B0A        8     2585       0
                text0                              53C2     53C2       BE     29E1       0
                cstackCOMRAM                          1        1       78        1       1
                bssBANK0                             80       80        6       80       1
                bssCOMRAM                            79       79        6        1       1
                cinit                              4BAA     4BAA       24     25D5       0

TOTAL           Name                               Link     Load   Length     Space
        CLASS   STACK          

        CLASS   CODE           
                init                                  0        0        4         0
                text45                             5C52     5C52      24E         0
                text44                             4CD0     4CD0       3E         0
                text43                             4C9E     4C9E       32         0
                text42                             4C6E     4C6E       30         0
                text41                             4B02     4B02        2         0
                text40                             5EA0     5EA0      24E         0
                text39                             4D4C     4D4C       42         0
                text38                             4C1A     4C1A       2A         0
                text37                             4C44     4C44       2A         0
                text36                             4DD2     4DD2       4E         0
                text35                             4F74     4F74       5A         0
                text34                             4B4C     4B4C       1E         0
                text33                             4BCE     4BCE       26         0
                text32                             530E     530E       B4         0
                text31                             4D0E     4D0E       3E         0
                text30                             6488     6488      42A         0
                text29                             4BF4     4BF4       26         0
                text28                             5A9E     5A9E      1B4         0
                text27                             51AE     51AE       B0         0
                text26                             68B2     68B2      4C0         0
                text25                             60EE     60EE      39A         0
                text24                             5480     5480      104         0
                text23                             5584     5584      106         0
                text22                             4FCE     4FCE       64         0
                text21                             57C8     57C8      16A         0
                text20                             568A     568A      13E         0
                text19                             50A6     50A6       7A         0
                text18                             4B6A     4B6A       1E         0
                text17                             4E70     4E70       56         0
                text16                             525E     525E       B0         0
                text15                             4B36     4B36       16         0
                text14                             4E20     4E20       50         0
                text13                             4F1C     4F1C       58         0
                text12                             5932     5932      16C         0
                text11                             4B04     4B04        6         0
                text10                             4B88     4B88       22         0
                text9                              4B12     4B12       10         0
                text8                              73FA     73FA      946         0
                text7                              4D8E     4D8E       44         0
                text6                              5120     5120       8E         0
                text5                              6D72     6D72      688         0
                text4                              4B22     4B22       14         0
                text3                              4EC6     4EC6       56         0
                text2                              5032     5032       74         0
                text1                              4B0A     4B0A        8         0
                text0                              53C2     53C2       BE         0
                cinit                              4BAA     4BAA       24         0

        CLASS   CONST          

        CLASS   SMALLCONST     

        CLASS   MEDIUMCONST    
                mediumconst                        7D40     7D40      2C0         0

        CLASS   COMRAM         
                cstackCOMRAM                          1        1       78         1
                bssCOMRAM                            79       79        6         1

        CLASS   ABS1           

        CLASS   BIGRAM         

        CLASS   RAM            

        CLASS   BANK0          
                bssBANK0                             80       80        6         1

        CLASS   BANK1          

        CLASS   BANK2          

        CLASS   BANK3          

        CLASS   BANK4          

        CLASS   BANK5          

        CLASS   SFR            

        CLASS   CONFIG         
                config                           300000   300000        E         4

        CLASS   IDLOC          
                idloc                            200000   200000        8         5

        CLASS   EEDATA         

        CLASS   FARRAM         



SEGMENTS        Name                           Load    Length   Top    Selector   Space  Class

                reset_vec                      000000  000004  000004         0       0  CODE    
                cstackCOMRAM                   000001  00007E  00007F         1       1  COMRAM  
                bssBANK0                       000080  000006  000086        80       1  BANK0   
                text41                         004B02  000002  004B04      2581       0  CODE    
                text11                         004B04  000006  004B0A      2582       0  CODE    
                text1                          004B0A  000008  004B12      2585       0  CODE    
                text9                          004B12  000010  004B22      2589       0  CODE    
                text4                          004B22  000014  004B36      2591       0  CODE    
                text15                         004B36  000016  004B4C      259B       0  CODE    
                text34                         004B4C  00001E  004B6A      25A6       0  CODE    
                text18                         004B6A  00001E  004B88      25B5       0  CODE    
                text10                         004B88  000022  004BAA      25C4       0  CODE    
                cinit                          004BAA  000024  004BCE      25D5       0  CODE    
                text33                         004BCE  000026  004BF4      25E7       0  CODE    
                text29                         004BF4  000026  004C1A      25FA       0  CODE    
                text38                         004C1A  00002A  004C44      260D       0  CODE    
                text37                         004C44  00002A  004C6E      2622       0  CODE    
                text42                         004C6E  000030  004C9E      2637       0  CODE    
                text43                         004C9E  000032  004CD0      264F       0  CODE    
                text44                         004CD0  00003E  004D0E      2668       0  CODE    
                text31                         004D0E  00003E  004D4C      2687       0  CODE    
                text39                         004D4C  000042  004D8E      26A6       0  CODE    
                text7                          004D8E  000044  004DD2      26C7       0  CODE    
                text36                         004DD2  00004E  004E20      26E9       0  CODE    
                text14                         004E20  000050  004E70      2710       0  CODE    
                text17                         004E70  000056  004EC6      2738       0  CODE    
                text3                          004EC6  000056  004F1C      2763       0  CODE    
                text13                         004F1C  000058  004F74      278E       0  CODE    
                text35                         004F74  00005A  004FCE      27BA       0  CODE    
                text22                         004FCE  000064  005032      27E7       0  CODE    
                text2                          005032  000074  0050A6      2819       0  CODE    
                text19                         0050A6  00007A  005120      2853       0  CODE    
                text6                          005120  00008E  0051AE      2890       0  CODE    
                text27                         0051AE  0000B0  00525E      28D7       0  CODE    
                text16                         00525E  0000B0  00530E      292F       0  CODE    
                text32                         00530E  0000B4  0053C2      2987       0  CODE    
                text0                          0053C2  0000BE  005480      29E1       0  CODE    
                text24                         005480  000104  005584      2A40       0  CODE    
                text23                         005584  000106  00568A      2AC2       0  CODE    
                text20                         00568A  00013E  0057C8      2B45       0  CODE    
                text21                         0057C8  00016A  005932      2BE4       0  CODE    
                text12                         005932  00016C  005A9E      2C99       0  CODE    
                text28                         005A9E  0001B4  005C52      2D4F       0  CODE    
                text45                         005C52  00024E  005EA0      2E29       0  CODE    
                text40                         005EA0  00024E  0060EE      2F50       0  CODE    
                text25                         0060EE  00039A  006488      3077       0  CODE    
                text30                         006488  00042A  0068B2      3244       0  CODE    
                text26                         0068B2  0004C0  006D72      3459       0  CODE    
                text5                          006D72  000688  0073FA      36B9       0  CODE    
                text8                          0073FA  000946  007D40      39FD       0  CODE    
                mediumconst                    007D40  0002C0  008000      3EA0       0  MEDIUMCO


UNUSED ADDRESS RANGES

        Name                Unused          Largest block    Delta
        BANK0            000086-0000FF               7A
        BANK1            000100-0001FF              100
        BANK2            000200-0002FF              100
        BANK3            000300-0003FF              100
        BANK4            000400-0004FF              100
        BANK5            000500-0005FF              100
        BIGRAM           00007F-00007F                1
                         000086-0005FF              57A
        CODE             000004-004B01             4AFE
        COMRAM           00007F-00007F                1
        CONST            000004-004B01             4AFE
        EEDATA           F00000-F000FF              100
        MEDIUMCONST      000600-004B01             4502
        RAM              000086-0005FF              100
        SFR              000F80-000FFF               80
        SMALLCONST       000600-004B01              100
        STACK            000086-0005FF              57A

                                  Symbol Table

?___awmod                    cstackCOMRAM 000024
?___fladd                    cstackCOMRAM 00003E
?___fldiv                    cstackCOMRAM 000001
?___flmul                    cstackCOMRAM 00003E
?___fltol                    cstackCOMRAM 00001A
?___wmul                     cstackCOMRAM 00002A
?___xxtofl                   cstackCOMRAM 000030
?_digitalRead                cstackCOMRAM 000001
_ADCON1                      (abs)        000FC1
_INTCON                      (abs)        000FF2
_PIR1bits                    (abs)        000F9E
_PORTA                       (abs)        000F80
_PORTB                       (abs)        000F81
_PORTC                       (abs)        000F82
_PORTD                       (abs)        000F83
_PORTE                       (abs)        000F84
_PulseClockData              text38       004C1A
_PulseEnClock                text37       004C44
_RCREG                       (abs)        000FAE
_RCSTAbits                   (abs)        000FAB
_SPBRG                       (abs)        000FAF
_T0CON                       (abs)        000FD5
_TMR0H                       (abs)        000FD7
_TMR0L                       (abs)        000FD6
_TRISA                       (abs)        000F92
_TRISB                       (abs)        000F93
_TRISC                       (abs)        000F94
_TRISD                       (abs)        000F95
_TRISE                       (abs)        000F96
_TXREG                       (abs)        000FAD
_TXSTAbits                   (abs)        000FAC
__HRAM                       (abs)        000000
__Habs1                      abs1         000000
__Hbank0                     bank0        000000
__Hbank1                     bank1        000000
__Hbank2                     bank2        000000
__Hbank3                     bank3        000000
__Hbank4                     bank4        000000
__Hbank5                     bank5        000000
__Hbigbss                    bigbss       000000
__Hbigdata                   bigdata      000000
__Hbigram                    bigram       000000
__Hbss                       bss          000000
__HbssBANK0                  bssBANK0     000000
__HbssCOMRAM                 bssCOMRAM    000000
__Hcinit                     cinit        000000
__Hclrtext                   clrtext      000000
__Hcomram                    comram       000000
__Hconfig                    config       30000E
__Hconst                     const        000000
__HcstackCOMRAM              cstackCOMRAM 000000
__Hdata                      data         000000
__Heeprom_data               eeprom_data  000000
__Hfarbss                    farbss       000000
__Hfardata                   fardata      000000
__Hibigdata                  ibigdata     000000
__Hidata                     idata        000000
__Hidloc                     idloc        200008
__Hifardata                  ifardata     000000
__Hinit                      init         000004
__Hintcode                   intcode      000000
__Hintcode_body              intcode_body 000000
__Hintcodelo                 intcodelo    000000
__Hintentry                  intentry     000000
__Hintret                    intret       000000
__Hintsave_regs              intsave_regs 000000
__Hirdata                    irdata       000000
__Hmediumconst               mediumconst  008000
__HnvFARRAM                  nvFARRAM     000000
__Hnvbit                     nvbit        000000
__Hnvrram                    nvrram       000000
__Hparam                     rparam       000000
__Hpowerup                   powerup      000000
__Hram                       ram          000000
__Hramtop                    ramtop       000600
__Hrbit                      rbit         000000
__Hrbss                      rbss         000000
__Hrdata                     rdata        000000
__Hreset_vec                 reset_vec    000000
__Hrparam                    rparam       000000
__Hsfr                       sfr          000000
__Hsmallconst                smallconst   000000
__Hspace_0                   (abs)        008000
__Hspace_1                   (abs)        000086
__Hspace_2                   (abs)        000000
__Hspace_4                   (abs)        60000E
__Hstack                     stack        000000
__Hstruct                    struct       000000
__Htemp                      temp         000000
__Htext                      text         000000
__Htext0                     text0        000000
__Htext1                     text1        000000
__Htext10                    text10       000000
__Htext11                    text11       000000
__Htext12                    text12       000000
__Htext13                    text13       000000
__Htext14                    text14       000000
__Htext15                    text15       000000
__Htext16                    text16       000000
__Htext17                    text17       000000
__Htext18                    text18       000000
__Htext19                    text19       000000
__Htext2                     text2        000000
__Htext20                    text20       000000
__Htext21                    text21       000000
__Htext22                    text22       000000
__Htext23                    text23       000000
__Htext24                    text24       000000
__Htext25                    text25       000000
__Htext26                    text26       000000
__Htext27                    text27       000000
__Htext28                    text28       000000
__Htext29                    text29       000000
__Htext3                     text3        000000
__Htext30                    text30       000000
__Htext31                    text31       000000
__Htext32                    text32       000000
__Htext33                    text33       000000
__Htext34                    text34       000000
__Htext35                    text35       000000
__Htext36                    text36       000000
__Htext37                    text37       000000
__Htext38                    text38       000000
__Htext39                    text39       000000
__Htext4                     text4        000000
__Htext40                    text40       000000
__Htext41                    text41       000000
__Htext42                    text42       000000
__Htext43                    text43       000000
__Htext44                    text44       000000
__Htext45                    text45       000000
__Htext5                     text5        000000
__Htext6                     text6        000000
__Htext7                     text7        000000
__Htext8                     text8        000000
__Htext9                     text9        000000
__LRAM                       (abs)        000001
__Labs1                      abs1         000000
__Lbank0                     bank0        000000
__Lbank1                     bank1        000000
__Lbank2                     bank2        000000
__Lbank3                     bank3        000000
__Lbank4                     bank4        000000
__Lbank5                     bank5        000000
__Lbigbss                    bigbss       000000
__Lbigdata                   bigdata      000000
__Lbigram                    bigram       000000
__Lbss                       bss          000000
__LbssBANK0                  bssBANK0     000000
__LbssCOMRAM                 bssCOMRAM    000000
__Lcinit                     cinit        000000
__Lclrtext                   clrtext      000000
__Lcomram                    comram       000000
__Lconfig                    config       000000
__Lconst                     const        000000
__LcstackCOMRAM              cstackCOMRAM 000000
__Ldata                      data         000000
__Leeprom_data               eeprom_data  000000
__Lfarbss                    farbss       000000
__Lfardata                   fardata      000000
__Libigdata                  ibigdata     000000
__Lidata                     idata        000000
__Lidloc                     idloc        000000
__Lifardata                  ifardata     000000
__Linit                      init         000000
__Lintcode                   intcode      000000
__Lintcode_body              intcode_body 000000
__Lintcodelo                 intcodelo    000000
__Lintentry                  intentry     000000
__Lintret                    intret       000000
__Lintsave_regs              intsave_regs 000000
__Lirdata                    irdata       000000
__Lmediumconst               mediumconst  007D40
__LnvFARRAM                  nvFARRAM     000000
__Lnvbit                     nvbit        000000
__Lnvrram                    nvrram       000000
__Lparam                     rparam       000000
__Lpowerup                   powerup      000000
__Lram                       ram          000000
__Lramtop                    ramtop       000600
__Lrbit                      rbit         000000
__Lrbss                      rbss         000000
__Lrdata                     rdata        000000
__Lreset_vec                 reset_vec    000000
__Lrparam                    rparam       000000
__Lsfr                       sfr          000000
__Lsmallconst                smallconst   000000
__Lspace_0                   (abs)        000000
__Lspace_1                   (abs)        000000
__Lspace_2                   (abs)        000000
__Lspace_4                   (abs)        000000
__Lstack                     stack        000000
__Lstruct                    struct       000000
__Ltemp                      temp         000000
__Ltext                      text         000000
__Ltext0                     text0        000000
__Ltext1                     text1        000000
__Ltext10                    text10       000000
__Ltext11                    text11       000000
__Ltext12                    text12       000000
__Ltext13                    text13       000000
__Ltext14                    text14       000000
__Ltext15                    text15       000000
__Ltext16                    text16       000000
__Ltext17                    text17       000000
__Ltext18                    text18       000000
__Ltext19                    text19       000000
__Ltext2                     text2        000000
__Ltext20                    text20       000000
__Ltext21                    text21       000000
__Ltext22                    text22       000000
__Ltext23                    text23       000000
__Ltext24                    text24       000000
__Ltext25                    text25       000000
__Ltext26                    text26       000000
__Ltext27                    text27       000000
__Ltext28                    text28       000000
__Ltext29                    text29       000000
__Ltext3                     text3        000000
__Ltext30                    text30       000000
__Ltext31                    text31       000000
__Ltext32                    text32       000000
__Ltext33                    text33       000000
__Ltext34                    text34       000000
__Ltext35                    text35       000000
__Ltext36                    text36       000000
__Ltext37                    text37       000000
__Ltext38                    text38       000000
__Ltext39                    text39       000000
__Ltext4                     text4        000000
__Ltext40                    text40       000000
__Ltext41                    text41       000000
__Ltext42                    text42       000000
__Ltext43                    text43       000000
__Ltext44                    text44       000000
__Ltext45                    text45       000000
__Ltext5                     text5        000000
__Ltext6                     text6        000000
__Ltext7                     text7        000000
__Ltext8                     text8        000000
__Ltext9                     text9        000000
__S0                         (abs)        008000
__S1                         (abs)        000086
__S2                         (abs)        000000
__S4                         (abs)        000000
__S5                         (abs)        000000
___awmod                     text27       0051AE
___awmod@counter             cstackCOMRAM 000028
___awmod@dividend            cstackCOMRAM 000024
___awmod@divisor             cstackCOMRAM 000026
___awmod@sign                cstackCOMRAM 000029
___fladd                     text26       0068B2
___fladd@a                   cstackCOMRAM 000042
___fladd@aexp                cstackCOMRAM 00004B
___fladd@b                   cstackCOMRAM 00003E
___fladd@bexp                cstackCOMRAM 00004C
___fladd@grs                 cstackCOMRAM 00004D
___fladd@signs               cstackCOMRAM 00004A
___fldiv                     text25       0060EE
___fldiv@a                   cstackCOMRAM 000005
___fldiv@aexp                cstackCOMRAM 000019
___fldiv@b                   cstackCOMRAM 000001
___fldiv@bexp                cstackCOMRAM 000018
___fldiv@grs                 cstackCOMRAM 000014
___fldiv@new_exp             cstackCOMRAM 000012
___fldiv@rem                 cstackCOMRAM 00000D
___fldiv@sign                cstackCOMRAM 000011
___flge                      text24       005480
___flge@ff1                  cstackCOMRAM 000001
___flge@ff2                  cstackCOMRAM 000005
___flmul                     text30       006488
___flmul@a                   cstackCOMRAM 000042
___flmul@aexp                cstackCOMRAM 00004F
___flmul@b                   cstackCOMRAM 00003E
___flmul@bexp                cstackCOMRAM 000050
___flmul@grs                 cstackCOMRAM 00004B
___flmul@prod                cstackCOMRAM 000051
___flmul@sign                cstackCOMRAM 00004A
___flmul@temp                cstackCOMRAM 000055
___fltol                     text23       005584
___fltol@exp1                cstackCOMRAM 000023
___fltol@f1                  cstackCOMRAM 00001A
___fltol@sign1               cstackCOMRAM 000022
___inthi_sp                  stack        000000
___intlo_sp                  stack        000000
___param_bank                (abs)        000000
___rparam_used               (abs)        000001
___sp                        stack        000000
___wmul                      text29       004BF4
___wmul@multiplicand         cstackCOMRAM 00002C
___wmul@multiplier           cstackCOMRAM 00002A
___wmul@product              cstackCOMRAM 00002E
___xxtofl                    text28       005A9E
___xxtofl@arg                cstackCOMRAM 00003A
___xxtofl@exp                cstackCOMRAM 000039
___xxtofl@sign               cstackCOMRAM 000038
___xxtofl@val                cstackCOMRAM 000030
__accesstop                  (abs)        000080
__activetblptr               (abs)        000002
__end_of_PulseClockData      text38       004C44
__end_of_PulseEnClock        text37       004C6E
__end_of___awmod             text27       00525E
__end_of___fladd             text26       006D72
__end_of___fldiv             text25       006488
__end_of___flge              text24       005584
__end_of___flmul             text30       0068B2
__end_of___fltol             text23       00568A
__end_of___wmul              text29       004C1A
__end_of___xxtofl            text28       005C52
__end_of__initialization     cinit        004BC4
__end_of_abastecimentoBomba  text8        007D40
__end_of_atraso_ms           text22       005032
__end_of_charKey             mediumconst  007D5B
__end_of_delayMicro          text41       004B04
__end_of_delayMili           text42       004C9E
__end_of_digitalRead         text21       005932
__end_of_digitalWrite        text40       0060EE
__end_of_kpDebounce          text20       0057C8
__end_of_kpInit              text43       004CD0
__end_of_kpReadKey           text19       005120
__end_of_lcdChar             text18       004B88
__end_of_lcdCommand          text34       004B6A
__end_of_lcdInit             text32       0053C2
__end_of_lcdString           text17       004EC6
__end_of_main                text0        005480
__end_of_opcaoInvalida       text7        004DD2
__end_of_pinMode             text45       005EA0
__end_of_pulseEnablePin      text39       004D8E
__end_of_pushByte            text35       004FCE
__end_of_pushNibble          text33       004BF4
__end_of_rgbColor            text16       00530E
__end_of_rgbInit             text31       004D4C
__end_of_selecaoCombustivel  text5        0073FA
__end_of_serial_init         text4        004B36
__end_of_serial_rx           text6        0051AE
__end_of_serial_tx           text15       004B4C
__end_of_serial_tx_str       text14       004E70
__end_of_soInit              text44       004D0E
__end_of_soWrite             text36       004E20
__end_of_ssdDigit            text13       004F74
__end_of_ssdInit             text3        004F1C
__end_of_ssdUpdate           text12       005A9E
__end_of_telaInicial         text2        0050A6
__end_of_timerEnded          text11       004B0A
__end_of_timerInit           text1        004B12
__end_of_timerReset          text10       004BAA
__end_of_timerWait           text9        004B22
__end_of_valor               mediumconst  007D51
__initialization             cinit        004BAA
__mediumconst                mediumconst  007D40
__pbssBANK0                  bssBANK0     000080
__pbssCOMRAM                 bssCOMRAM    000079
__pcinit                     cinit        004BAA
__pcstackCOMRAM              cstackCOMRAM 000001
__pmediumconst               mediumconst  007D40
__ptext0                     text0        0053C2
__ptext1                     text1        004B0A
__ptext10                    text10       004B88
__ptext11                    text11       004B04
__ptext12                    text12       005932
__ptext13                    text13       004F1C
__ptext14                    text14       004E20
__ptext15                    text15       004B36
__ptext16                    text16       00525E
__ptext17                    text17       004E70
__ptext18                    text18       004B6A
__ptext19                    text19       0050A6
__ptext2                     text2        005032
__ptext20                    text20       00568A
__ptext21                    text21       0057C8
__ptext22                    text22       004FCE
__ptext23                    text23       005584
__ptext24                    text24       005480
__ptext25                    text25       0060EE
__ptext26                    text26       0068B2
__ptext27                    text27       0051AE
__ptext28                    text28       005A9E
__ptext29                    text29       004BF4
__ptext3                     text3        004EC6
__ptext30                    text30       006488
__ptext31                    text31       004D0E
__ptext32                    text32       00530E
__ptext33                    text33       004BCE
__ptext34                    text34       004B4C
__ptext35                    text35       004F74
__ptext36                    text36       004DD2
__ptext37                    text37       004C44
__ptext38                    text38       004C1A
__ptext39                    text39       004D4C
__ptext4                     text4        004B22
__ptext40                    text40       005EA0
__ptext41                    text41       004B02
__ptext42                    text42       004C6E
__ptext43                    text43       004C9E
__ptext44                    text44       004CD0
__ptext45                    text45       005C52
__ptext5                     text5        006D72
__ptext6                     text6        005120
__ptext7                     text7        004D8E
__ptext8                     text8        0073FA
__ptext9                     text9        004B12
__ramtop                     ramtop       000600
__size_of_PulseClockData     (abs)        000000
__size_of_PulseEnClock       (abs)        000000
__size_of___awmod            (abs)        000000
__size_of___fladd            (abs)        000000
__size_of___fldiv            (abs)        000000
__size_of___flge             (abs)        000000
__size_of___flmul            (abs)        000000
__size_of___fltol            (abs)        000000
__size_of___wmul             (abs)        000000
__size_of___xxtofl           (abs)        000000
__size_of_abastecimentoBomba (abs)        000000
__size_of_atraso_ms          (abs)        000000
__size_of_delayMicro         (abs)        000000
__size_of_delayMili          (abs)        000000
__size_of_digitalRead        (abs)        000000
__size_of_digitalWrite       (abs)        000000
__size_of_kpDebounce         (abs)        000000
__size_of_kpInit             (abs)        000000
__size_of_kpReadKey          (abs)        000000
__size_of_lcdChar            (abs)        000000
__size_of_lcdCommand         (abs)        000000
__size_of_lcdInit            (abs)        000000
__size_of_lcdString          (abs)        000000
__size_of_main               (abs)        000000
__size_of_opcaoInvalida      (abs)        000000
__size_of_pinMode            (abs)        000000
__size_of_pulseEnablePin     (abs)        000000
__size_of_pushByte           (abs)        000000
__size_of_pushNibble         (abs)        000000
__size_of_rgbColor           (abs)        000000
__size_of_rgbInit            (abs)        000000
__size_of_selecaoCombustivel (abs)        000000
__size_of_serial_init        (abs)        000000
__size_of_serial_rx          (abs)        000000
__size_of_serial_tx          (abs)        000000
__size_of_serial_tx_str      (abs)        000000
__size_of_soInit             (abs)        000000
__size_of_soWrite            (abs)        000000
__size_of_ssdDigit           (abs)        000000
__size_of_ssdInit            (abs)        000000
__size_of_ssdUpdate          (abs)        000000
__size_of_telaInicial        (abs)        000000
__size_of_timerEnded         (abs)        000000
__size_of_timerInit          (abs)        000000
__size_of_timerReset         (abs)        000000
__size_of_timerWait          (abs)        000000
__smallconst                 smallconst   000000
_abastecimentoBomba          text8        0073FA
_atraso_ms                   text22       004FCE
_charKey                     mediumconst  007D51
_delayMicro                  text41       004B02
_delayMili                   text42       004C6E
_digitalRead                 text21       0057C8
_digitalWrite                text40       005EA0
_display                     bssCOMRAM    00007D
_keys                        bssBANK0     000084
_kpDebounce                  text20       00568A
_kpInit                      text43       004C9E
_kpReadKey                   text19       0050A6
_lcdChar                     text18       004B6A
_lcdCommand                  text34       004B4C
_lcdInit                     text32       00530E
_lcdString                   text17       004E70
_main                        text0        0053C2
_opcaoInvalida               text7        004D8E
_pinMode                     text45       005C52
_pulseEnablePin              text39       004D4C
_pushByte                    text35       004F74
_pushNibble                  text33       004BCE
_rgbColor                    text16       00525E
_rgbInit                     text31       004D0E
_selecaoCombustivel          text5        006D72
_serial_init                 text4        004B22
_serial_rx                   text6        005120
_serial_tx                   text15       004B36
_serial_tx_str               text14       004E20
_soInit                      text44       004CD0
_soWrite                     text36       004DD2
_ssdDigit                    text13       004F1C
_ssdInit                     text3        004EC6
_ssdUpdate                   text12       005932
_telaInicial                 text2        005032
_timerEnded                  text11       004B04
_timerInit                   text1        004B0A
_timerReset                  text10       004B88
_timerWait                   text9        004B12
_v0                          bssCOMRAM    00007C
_v1                          bssCOMRAM    00007B
_v2                          bssCOMRAM    00007A
_v3                          bssCOMRAM    000079
_valor                       mediumconst  007D41
abastecimentoBomba@cont      cstackCOMRAM 000059
abastecimentoBomba@litrosIn  cstackCOMRAM 000052
abastecimentoBomba@tecla     cstackCOMRAM 000056
abastecimentoBomba@tempo     cstackCOMRAM 000057
abastecimentoBomba@totalIn   cstackCOMRAM 00004E
atraso_ms@i                  cstackCOMRAM 000003
atraso_ms@j                  cstackCOMRAM 000005
atraso_ms@k                  cstackCOMRAM 000006
atraso_ms@num                cstackCOMRAM 000001
delayMicro@a                 cstackCOMRAM 000001
delayMili@a                  cstackCOMRAM 000001
delayMili@i                  cstackCOMRAM 000004
digitalRead@pin              cstackCOMRAM 000001
digitalWrite@pin             cstackCOMRAM 000001
digitalWrite@value           cstackCOMRAM 000003
end_of_initialization        cinit        004BC4
intlevel0                    text         000000
intlevel1                    text         000000
intlevel2                    text         000000
intlevel3                    text         000000
isa$std                      (abs)        000001
isa$xinst                    (abs)        000000
kpDebounce@i                 cstackCOMRAM 00000D
kpDebounce@newRead           bssBANK0     000082
kpDebounce@oldRead           bssBANK0     000080
kpDebounce@tempo             bssCOMRAM    00007E
kpReadKey@i                  cstackCOMRAM 000004
lcdChar@value                cstackCOMRAM 00000E
lcdCommand@value             cstackCOMRAM 00000E
lcdString@i                  cstackCOMRAM 000013
lcdString@msg                cstackCOMRAM 00000F
main@slot                    cstackCOMRAM 000077
main@tecla                   cstackCOMRAM 000078
pinMode@pin                  cstackCOMRAM 000001
pinMode@type                 cstackCOMRAM 000003
pushByte@rs                  cstackCOMRAM 00000A
pushByte@value               cstackCOMRAM 00000D
pushNibble@rs                cstackCOMRAM 00000A
pushNibble@value             cstackCOMRAM 00000C
rgbColor@led                 cstackCOMRAM 000007
selecaoCombustivel@buffer    cstackCOMRAM 000066
selecaoCombustivel@i         cstackCOMRAM 000074
selecaoCombustivel@litros    cstackCOMRAM 00006B
selecaoCombustivel@op        cstackCOMRAM 000073
selecaoCombustivel@price     cstackCOMRAM 000062
selecaoCombustivel@teclaIn   cstackCOMRAM 000061
selecaoCombustivel@total     cstackCOMRAM 00006F
serial_rx@timeout            cstackCOMRAM 000007
serial_rx@to                 cstackCOMRAM 000009
serial_tx@val                cstackCOMRAM 000001
serial_tx_str@i              cstackCOMRAM 000006
serial_tx_str@val            cstackCOMRAM 000002
soWrite@i                    cstackCOMRAM 000009
soWrite@value                cstackCOMRAM 000007
ssdDigit@pos                 cstackCOMRAM 00002A
ssdDigit@val                 cstackCOMRAM 00002B
stackhi                      (abs)        0005FF
stacklo                      (abs)        000086
start                        init         000000
start_initialization         cinit        004BAA
timerReset@ciclos            cstackCOMRAM 000003
timerReset@tempo             cstackCOMRAM 000001


MODULE INFORMATION

Module		Function		Class		Link	Load	Size
ssd.c
		_ssdInit       		CODE           	4EC6	0000	86
		_ssdDigit      		CODE           	4F1C	0000	88
		_ssdUpdate     		CODE           	5932	0000	364

ssd.c estimated size: 538

serial.c
		_serial_rx     		CODE           	5120	0000	142
		_serial_tx     		CODE           	4B36	0000	22
		_serial_init   		CODE           	4B22	0000	20
		_serial_tx_str 		CODE           	4E20	0000	80

serial.c estimated size: 264

bombaComb.c
		_telaInicial   		CODE           	5032	0000	116
		_selecaoCombustivel		CODE           	6D72	0000	1672
		_opcaoInvalida 		CODE           	4D8E	0000	68
		_abastecimentoBomba		CODE           	73FA	0000	2374

bombaComb.c estimated size: 4230

C:\Program Files\Microchip\xc8\v2.32\pic\sources\c99\common\sprcadd.c
		___fladd       		CODE           	68B2	0000	1216

C:\Program Files\Microchip\xc8\v2.32\pic\sources\c99\common\sprcadd.c estimated size: 1216

keypad.c
		_kpInit        		CODE           	4C9E	0000	50
		_kpReadKey     		CODE           	50A6	0000	122
		_kpDebounce    		CODE           	568A	0000	318

keypad.c estimated size: 490

so.c
		_soInit        		CODE           	4CD0	0000	62
		_soWrite       		CODE           	4DD2	0000	78
		_PulseEnClock  		CODE           	4C44	0000	42
		_PulseClockData		CODE           	4C1A	0000	42

so.c estimated size: 224

io.c
		_digitalRead   		CODE           	57C8	0000	362
		_digitalWrite  		CODE           	5EA0	0000	590
		_pinMode       		CODE           	5C52	0000	590

io.c estimated size: 1542

timer.c
		_timerWait     		CODE           	4B12	0000	16
		_timerReset    		CODE           	4B88	0000	34
		_timerInit     		CODE           	4B0A	0000	8
		_timerEnded    		CODE           	4B04	0000	6

timer.c estimated size: 64

atraso.c
		_atraso_ms     		CODE           	4FCE	0000	100

atraso.c estimated size: 100

C:\Program Files\Microchip\xc8\v2.32\pic\sources\c99\common\Umul16.c
		___wmul        		CODE           	4BF4	0000	38

C:\Program Files\Microchip\xc8\v2.32\pic\sources\c99\common\Umul16.c estimated size: 38

rgb.c
		_rgbColor      		CODE           	525E	0000	176
		_rgbInit       		CODE           	4D0E	0000	62

rgb.c estimated size: 238

shared
		_valor         		MEDIUMCONST    	7D41	0000	16
		_charKey       		MEDIUMCONST    	7D51	0000	10
		__initialization		CODE           	4BAA	0000	26

shared estimated size: 52

C:\Program Files\Microchip\xc8\v2.32\pic\sources\c99\common\sprcmul.c
		___flmul       		CODE           	6488	0000	1066

C:\Program Files\Microchip\xc8\v2.32\pic\sources\c99\common\sprcmul.c estimated size: 1066

C:\Program Files\Microchip\xc8\v2.32\pic\sources\c99\common\awmod.c
		___awmod       		CODE           	51AE	0000	176

C:\Program Files\Microchip\xc8\v2.32\pic\sources\c99\common\awmod.c estimated size: 176

C:\Program Files\Microchip\xc8\v2.32\pic\sources\c99\common\sprcdiv.c
		___fldiv       		CODE           	60EE	0000	922

C:\Program Files\Microchip\xc8\v2.32\pic\sources\c99\common\sprcdiv.c estimated size: 922

lcd.c
		_lcdCommand    		CODE           	4B4C	0000	30
		_lcdChar       		CODE           	4B6A	0000	30
		_lcdString     		CODE           	4E70	0000	86
		_pulseEnablePin		CODE           	4D4C	0000	66
		_pushByte      		CODE           	4F74	0000	90
		_pushNibble    		CODE           	4BCE	0000	38
		_lcdInit       		CODE           	530E	0000	180
		_delayMili     		CODE           	4C6E	0000	48
		_delayMicro    		CODE           	4B02	0000	2

lcd.c estimated size: 570

C:\Program Files\Microchip\xc8\v2.32\pic\sources\c99\common\fltol.c
		___fltol       		CODE           	5584	0000	262

C:\Program Files\Microchip\xc8\v2.32\pic\sources\c99\common\fltol.c estimated size: 262

C:\Program Files\Microchip\xc8\v2.32\pic\sources\c99\common\xxtofl.c
		___xxtofl      		CODE           	5A9E	0000	436

C:\Program Files\Microchip\xc8\v2.32\pic\sources\c99\common\xxtofl.c estimated size: 436

main.c
		_main          		CODE           	53C2	0000	190

main.c estimated size: 190

C:\Program Files\Microchip\xc8\v2.32\pic\sources\c99\common\flge.c
		___flge        		CODE           	5480	0000	260

C:\Program Files\Microchip\xc8\v2.32\pic\sources\c99\common\flge.c estimated size: 260

